// Jest Snapshot v1, https://goo.gl/fbAQLP

exports[`renders correctly 1`] = `undefined`;

exports[`should not save 1`] = `[Function]`;
